Live KOI cumulative table: 9564 rows, 2747 CONFIRMED, 4839 FALSE POSITIVE
Sampled 75 confirmed + 75 false-positive stars, saved to /Users/anujtripathi/Downloads/ExoplanetAI/code/kepler_pilot/koi_pilot_sample.csv
0 already logged, 150 to download...
  [1/150] KIC 7288306 (label=1): Success (65031 points, 16s elapsed)
  [2/150] KIC 8573193 (label=1): Success (65031 points, 27s elapsed)
  [3/150] KIC 5631630 (label=1): Success (51964 points, 37s elapsed)
  [4/150] KIC 9391506 (label=1): Success (65031 points, 48s elapsed)
  [5/150] KIC 3645438 (label=1): Success (55190 points, 57s elapsed)
  [6/150] KIC 3937519 (label=1): Success (65031 points, 69s elapsed)
  [7/150] KIC 5794379 (label=1): Success (65031 points, 79s elapsed)
  [8/150] KIC 7584650 (label=1): Success (65504 points, 91s elapsed)
  [9/150] KIC 4913852 (label=1): Success (65031 points, 101s elapsed)
  [10/150] KIC 7219825 (label=1): Success (65031 points, 111s elapsed)
  [11/150] KIC 3326377 (label=1): Success (65031 points, 123s elapsed)
  [12/150] KIC 11074178 (label=1): Success (51722 points, 131s elapsed)
  [13/150] KIC 5866724 (label=1): Success (65504 points, 144s elapsed)
  [14/150] KIC 9651668 (label=1): Success (65031 points, 155s elapsed)
  [15/150] KIC 3728432 (label=1): Success (65031 points, 166s elapsed)
  [16/150] KIC 11032227 (label=1): Success (65031 points, 178s elapsed)
  [17/150] KIC 8956206 (label=1): Success (65031 points, 190s elapsed)
  [18/150] KIC 2439243 (label=1): Success (55190 points, 200s elapsed)
  [19/150] KIC 11402995 (label=1): Success (65031 points, 212s elapsed)
  [20/150] KIC 11192998 (label=1): Success (65031 points, 223s elapsed)
  [21/150] KIC 12120307 (label=1): Success (65031 points, 234s elapsed)
  [22/150] KIC 5269467 (label=1): Success (65031 points, 243s elapsed)
  [23/150] KIC 10857519 (label=1): Success (65504 points, 255s elapsed)
  [24/150] KIC 8950568 (label=1): Success (65031 points, 265s elapsed)
  [25/150] KIC 10670119 (label=1): Success (55190 points, 274s elapsed)
  [26/150] KIC 7428736 (label=1): Success (65031 points, 285s elapsed)
  [27/150] KIC 5953297 (label=1): Success (65031 points, 296s elapsed)
  [28/150] KIC 10724369 (label=1): Success (65031 points, 309s elapsed)
  [29/150] KIC 6442377 (label=1): Success (65504 points, 331s elapsed)
  [30/150] KIC 6029239 (label=1): Success (65504 points, 346s elapsed)
  [31/150] KIC 9834040 (label=1): Success (65031 points, 356s elapsed)
  [32/150] KIC 8278371 (label=1): Success (65504 points, 369s elapsed)
  [33/150] KIC 6287313 (label=1): Success (65031 points, 383s elapsed)
  [34/150] KIC 5445681 (label=1): Success (65031 points, 398s elapsed)
  [35/150] KIC 8890150 (label=1): Success (65031 points, 410s elapsed)
  [36/150] KIC 4665571 (label=1): Success (51964 points, 421s elapsed)
  [37/150] KIC 8212002 (label=1): Success (65031 points, 431s elapsed)
  [38/150] KIC 7849854 (label=1): Success (65031 points, 444s elapsed)
  [39/150] KIC 9150827 (label=1): Success (65031 points, 455s elapsed)
  [40/150] KIC 8547140 (label=1): Success (65031 points, 465s elapsed)
  [41/150] KIC 9592705 (label=1): Success (65504 points, 478s elapsed)
  [42/150] KIC 5978559 (label=1): Success (65031 points, 489s elapsed)
  [43/150] KIC 8947520 (label=1): Success (65031 points, 498s elapsed)
  [44/150] KIC 5364071 (label=1): Success (65031 points, 511s elapsed)
  [45/150] KIC 4478168 (label=1): Success (52437 points, 522s elapsed)
  [46/150] KIC 8583696 (label=1): Success (65031 points, 532s elapsed)
  [47/150] KIC 8009350 (label=1): Success (65031 points, 546s elapsed)
  [48/150] KIC 9006449 (label=1): Success (65031 points, 558s elapsed)
  [49/150] KIC 6786348 (label=1): Success (65031 points, 574s elapsed)
  [50/150] KIC 10080248 (label=1): Success (65031 points, 591s elapsed)
  [51/150] KIC 7419318 (label=1): Success (65504 points, 604s elapsed)
  [52/150] KIC 11403389 (label=1): Success (65031 points, 618s elapsed)
  [53/150] KIC 7434875 (label=1): Success (65031 points, 631s elapsed)
  [54/150] KIC 7457296 (label=1): Success (65031 points, 644s elapsed)
  [55/150] KIC 5966322 (label=1): Success (65504 points, 655s elapsed)
  [56/150] KIC 2721030 (label=1): Success (65031 points, 667s elapsed)
  [57/150] KIC 9782691 (label=1): Success (51876 points, 680s elapsed)
  [58/150] KIC 11622600 (label=1): Success (65031 points, 689s elapsed)
  [59/150] KIC 3937814 (label=1): Success (65031 points, 703s elapsed)
  [60/150] KIC 3657758 (label=1): Success (42123 points, 712s elapsed)
  [61/150] KIC 9896558 (label=1): Success (44679 points, 719s elapsed)
  [62/150] KIC 5978361 (label=1): Success (65031 points, 730s elapsed)
  [63/150] KIC 7703882 (label=1): Success (65031 points, 740s elapsed)
  [64/150] KIC 11572193 (label=1): Success (65031 points, 753s elapsed)
  [65/150] KIC 8625925 (label=1): Success (65031 points, 762s elapsed)
  [66/150] KIC 10388286 (label=1): Success (65031 points, 772s elapsed)
  [67/150] KIC 8494410 (label=1): Success (65031 points, 785s elapsed)
  [68/150] KIC 8008067 (label=1): Success (65031 points, 801s elapsed)
  [69/150] KIC 6428700 (label=1): Success (65031 points, 818s elapsed)
  [70/150] KIC 8331612 (label=1): Success (42376 points, 826s elapsed)
  [71/150] KIC 10155434 (label=1): Success (51876 points, 836s elapsed)
  [72/150] KIC 4735826 (label=1): Success (65504 points, 847s elapsed)
  [73/150] KIC 4270253 (label=1): Success (51964 points, 858s elapsed)
  [74/150] KIC 12254792 (label=1): Success (65031 points, 870s elapsed)
  [75/150] KIC 6444896 (label=1): Success (37655 points, 876s elapsed)
  [76/150] KIC 9209183 (label=0): Success (65031 points, 887s elapsed)
  [77/150] KIC 2997178 (label=0): Success (65031 points, 898s elapsed)
  [78/150] KIC 5111801 (label=0): Success (52437 points, 907s elapsed)
  [79/150] KIC 11662440 (label=0): Success (59265 points, 916s elapsed)
  [80/150] KIC 8076630 (label=0): Success (65031 points, 933s elapsed)
  [81/150] KIC 10960993 (label=0): Success (65504 points, 945s elapsed)
  [82/150] KIC 5119143 (label=0): Success (65504 points, 959s elapsed)
  [83/150] KIC 9153554 (label=0): Success (63405 points, 975s elapsed)
  [84/150] KIC 2711114 (label=0): Success (65031 points, 987s elapsed)
  [85/150] KIC 9674564 (label=0): Success (65031 points, 997s elapsed)
  [86/150] KIC 12647110 (label=0): Success (65031 points, 1007s elapsed)
  [87/150] KIC 10861715 (label=0): Success (65031 points, 1017s elapsed)
  [88/150] KIC 7281410 (label=0): Success (65504 points, 1028s elapsed)
  [89/150] KIC 2998124 (label=0): Success (65504 points, 1039s elapsed)
  [90/150] KIC 7031066 (label=0): Success (65031 points, 1055s elapsed)
  [91/150] KIC 3644399 (label=0): Success (65031 points, 1068s elapsed)
  [92/150] KIC 7284688 (label=0): Success (65504 points, 1079s elapsed)
  [93/150] KIC 8323753 (label=0): Success (65504 points, 1091s elapsed)
  [94/150] KIC 6356885 (label=0): Success (65031 points, 1104s elapsed)
  [95/150] KIC 3248696 (label=0): Success (51964 points, 1112s elapsed)
  [96/150] KIC 6850665 (label=0): Success (65504 points, 1123s elapsed)
  [97/150] KIC 2712825 (label=0): Success (65504 points, 1135s elapsed)
  [98/150] KIC 5389184 (label=0): Success (65031 points, 1148s elapsed)
  [99/150] KIC 4274816 (label=0): Success (51964 points, 1160s elapsed)
  [100/150] KIC 7690855 (label=0): Success (65031 points, 1171s elapsed)
  [101/150] KIC 8957954 (label=0): Success (65031 points, 1180s elapsed)
  [102/150] KIC 8516349 (label=0): Success (65031 points, 1190s elapsed)
  [103/150] KIC 10925113 (label=0): Success (55190 points, 1198s elapsed)
  [104/150] KIC 3555178 (label=0): Success (52437 points, 1206s elapsed)
  [105/150] KIC 10486425 (label=0): Success (47736 points, 1213s elapsed)
  [106/150] KIC 2438061 (label=0): Success (46582 points, 1220s elapsed)
  [107/150] KIC 3936658 (label=0): Success (65504 points, 1230s elapsed)
  [108/150] KIC 5956038 (label=0): Success (65031 points, 1239s elapsed)
  [109/150] KIC 8613338 (label=0): Success (65504 points, 1249s elapsed)
  [110/150] KIC 6679504 (label=0): Success (63405 points, 1259s elapsed)
  [111/150] KIC 8356054 (label=0): Success (28968 points, 1263s elapsed)
  [112/150] KIC 7800285 (label=0): Success (65031 points, 1273s elapsed)
  [113/150] KIC 9913481 (label=0): Success (52349 points, 1282s elapsed)
  [114/150] KIC 5124254 (label=0): Success (65031 points, 1291s elapsed)
  [115/150] KIC 12164634 (label=0): Success (65031 points, 1301s elapsed)
  [116/150] KIC 10091257 (label=0): Success (52349 points, 1310s elapsed)
  [117/150] KIC 8429566 (label=0): Success (65031 points, 1320s elapsed)
  [118/150] KIC 9119568 (label=0): Success (65504 points, 1330s elapsed)
  [119/150] KIC 8747222 (label=0): Success (65504 points, 1340s elapsed)
  [120/150] KIC 10205598 (label=0): Success (65031 points, 1350s elapsed)
  [121/150] KIC 9692345 (label=0): Success (65031 points, 1361s elapsed)
  [122/150] KIC 8848271 (label=0): Success (65031 points, 1375s elapsed)
  [123/150] KIC 5372966 (label=0): Success (51964 points, 1397s elapsed)
  [124/150] KIC 5816144 (label=0): Success (65031 points, 1408s elapsed)
  [125/150] KIC 6205468 (label=0): Success (63405 points, 1417s elapsed)
  [126/150] KIC 9911882 (label=0): Success (51876 points, 1425s elapsed)
  [127/150] KIC 10751515 (label=0): Success (42035 points, 1432s elapsed)
  [128/150] KIC 12216278 (label=0): Success (55190 points, 1440s elapsed)
  [129/150] KIC 8962007 (label=0): Success (65031 points, 1451s elapsed)
  [130/150] KIC 4565985 (label=0): Success (52437 points, 1460s elapsed)
  [131/150] KIC 3866536 (label=0): Success (51964 points, 1468s elapsed)
  [132/150] KIC 7974634 (label=0): Success (65031 points, 1479s elapsed)
  [133/150] KIC 4861791 (label=0): Success (55190 points, 1488s elapsed)
  [134/150] KIC 7672940 (label=0): Success (65504 points, 1498s elapsed)
  [135/150] KIC 6939670 (label=0): Success (65031 points, 1508s elapsed)
  [136/150] KIC 7351237 (label=0): Success (63405 points, 1517s elapsed)
  [137/150] KIC 3241619 (label=0): Success (65504 points, 1528s elapsed)
  [138/150] KIC 6699368 (label=0): Success (65031 points, 1540s elapsed)
  [139/150] KIC 11466960 (label=0): Success (65504 points, 1551s elapsed)
  [140/150] KIC 8569819 (label=0): Success (65504 points, 1562s elapsed)
  [141/150] KIC 3342952 (label=0): Success (65504 points, 1573s elapsed)
  [142/150] KIC 5709103 (label=0): Success (65504 points, 1583s elapsed)
  [143/150] KIC 3248019 (label=0): Success (46263 points, 1591s elapsed)
  [144/150] KIC 3342467 (label=0): Success (65031 points, 1600s elapsed)
  [145/150] KIC 11356602 (label=0): Success (65504 points, 1611s elapsed)
  [146/150] KIC 11100670 (label=0): Success (30594 points, 1618s elapsed)
  [147/150] KIC 3734868 (label=0): Success (59289 points, 1626s elapsed)
  [148/150] KIC 7090801 (label=0): Success (65031 points, 1636s elapsed)
  [149/150] KIC 8553907 (label=0): Success (65504 points, 1647s elapsed)
  [150/150] KIC 5387843 (label=0): Success (65031 points, 1657s elapsed)

150/150 stars downloaded successfully.
label
0    75
1    75
Name: status, dtype: int64
