Preprocessing (serial, fast)...
150/150 preprocessed successfully.
Running TLS on 150 stars across 8 workers (real measured cost: ~11min/star single-threaded, so expect ~207 min wall time)...
  [1/150] KIC_5631630: TLS: Required feature(s) not computable: ['transit_shape_ratio'] (1363s elapsed, ~203041s remaining)
  [2/150] KIC_9391506: TLS: Required feature(s) not computable: ['transit_shape_ratio'] (2342s elapsed, ~173342s remaining)
  [3/150] KIC_3645438: TLS: Required feature(s) not computable: ['transit_shape_ratio'] (2680s elapsed, ~131332s remaining)
  [4/150] KIC_7584650: TLS: Required feature(s) not computable: ['transit_shape_ratio'] (2880s elapsed, ~105124s remaining)
  [5/150] KIC_3937519: TLS: Required feature(s) not computable: ['transit_shape_ratio'] (3416s elapsed, ~99077s remaining)
  [6/150] KIC_8573193: TLS: Required feature(s) not computable: ['transit_shape_ratio'] (3716s elapsed, ~89173s remaining)
  [7/150] KIC_7288306: TLS: Required feature(s) not computable: ['transit_shape_ratio'] (4429s elapsed, ~90486s remaining)
  [8/150] KIC_5794379: Success (4963s elapsed, ~88097s remaining)
  [9/150] KIC_7219825: TLS: Required feature(s) not computable: ['transit_shape_ratio'] (5008s elapsed, ~78461s remaining)
  [10/150] KIC_5866724: TLS: Required feature(s) not computable: ['transit_shape_ratio'] (5686s elapsed, ~79606s remaining)
  [11/150] KIC_11074178: Success (6213s elapsed, ~78513s remaining)
  [12/150] KIC_4913852: TLS: Required feature(s) not computable: ['depth_mean_even', 'odd_even_mismatch', 'transit_shape_ratio'] (6591s elapsed, ~75796s remaining)
  [13/150] KIC_3326377: TLS: Required feature(s) not computable: ['transit_shape_ratio'] (6985s elapsed, ~73612s remaining)
  [14/150] KIC_2439243: Success (7397s elapsed, ~71854s remaining)
  [15/150] KIC_11032227: TLS: Required feature(s) not computable: ['transit_shape_ratio'] (7483s elapsed, ~67344s remaining)
  [16/150] KIC_3728432: Success (8496s elapsed, ~71150s remaining)
  [17/150] KIC_8956206: Success (8674s elapsed, ~67860s remaining)
  [18/150] KIC_9651668: Success (8825s elapsed, ~64716s remaining)
  [19/150] KIC_11402995: Success (8851s elapsed, ~61022s remaining)
  [20/150] KIC_12120307: TLS: Required feature(s) not computable: ['transit_shape_ratio'] (9572s elapsed, ~62215s remaining)
  [21/150] KIC_10857519: TLS: Required feature(s) not computable: ['transit_shape_ratio'] (9616s elapsed, ~59068s remaining)
  [22/150] KIC_11192998: TLS: Required feature(s) not computable: ['transit_shape_ratio'] (10296s elapsed, ~59906s remaining)
  [23/150] KIC_8950568: TLS: Required feature(s) not computable: ['transit_shape_ratio'] (12129s elapsed, ~66973s remaining)
  [24/150] KIC_6442377: Success (12132s elapsed, ~63692s remaining)
  [25/150] KIC_7428736: Success (13126s elapsed, ~65630s remaining)
  [26/150] KIC_5269467: TLS: Required feature(s) not computable: ['transit_shape_ratio'] (20309s elapsed, ~96860s remaining)
  [27/150] KIC_10724369: Success (27953s elapsed, ~127340s remaining)
  [28/150] KIC_5953297: TLS: Required feature(s) not computable: ['transit_shape_ratio'] (32365s elapsed, ~141020s remaining)
  [29/150] KIC_10670119: TLS: Required feature(s) not computable: ['transit_shape_ratio'] (32555s elapsed, ~135831s remaining)
  [30/150] KIC_6029239: Success (33249s elapsed, ~132995s remaining)
  [31/150] KIC_6287313: Success (33257s elapsed, ~127665s remaining)
  [32/150] KIC_9834040: TLS: Required feature(s) not computable: ['transit_shape_ratio'] (33541s elapsed, ~123681s remaining)
  [33/150] KIC_8278371: TLS: Required feature(s) not computable: ['transit_shape_ratio'] (33575s elapsed, ~119037s remaining)
  [34/150] KIC_5445681: Success (33807s elapsed, ~115343s remaining)
  [35/150] KIC_8212002: TLS: Required feature(s) not computable: ['transit_shape_ratio'] (33930s elapsed, ~111484s remaining)
  [36/150] KIC_9592705: TLS: Required feature(s) not computable: ['transit_shape_ratio'] (34427s elapsed, ~109018s remaining)
  [37/150] KIC_4665571: Success (34512s elapsed, ~105401s remaining)
  [38/150] KIC_7849854: TLS: Required feature(s) not computable: ['transit_shape_ratio'] (35667s elapsed, ~105123s remaining)
  [39/150] KIC_8890150: Success (35783s elapsed, ~101843s remaining)
  [40/150] KIC_5978559: TLS: Required feature(s) not computable: ['transit_shape_ratio'] (35796s elapsed, ~98439s remaining)
  [41/150] KIC_4478168: TLS: Required feature(s) not computable: ['depth_mean_odd', 'odd_even_mismatch', 'transit_shape_ratio'] (35840s elapsed, ~95282s remaining)
  [42/150] KIC_8947520: Success (36140s elapsed, ~92931s remaining)
  [43/150] KIC_9150827: Success (42652s elapsed, ~106135s remaining)
  [44/150] KIC_8547140: TLS: Required feature(s) not computable: ['transit_shape_ratio'] (46806s elapsed, ~112759s remaining)
  [45/150] KIC_8583696: TLS: Required feature(s) not computable: ['transit_shape_ratio'] (47298s elapsed, ~110363s remaining)
  [46/150] KIC_6786348: TLS: Required feature(s) not computable: ['transit_shape_ratio'] (47836s elapsed, ~108150s remaining)
  [47/150] KIC_9006449: TLS: Required feature(s) not computable: ['depth_mean_odd', 'odd_even_mismatch', 'depth_consistency_std', 'transit_shape_ratio'] (48165s elapsed, ~105553s remaining)
  [48/150] KIC_10080248: TLS: Required feature(s) not computable: ['transit_shape_ratio'] (48603s elapsed, ~103282s remaining)
  [49/150] KIC_8009350: TLS: Required feature(s) not computable: ['transit_shape_ratio'] (49054s elapsed, ~101111s remaining)
  [50/150] KIC_5364071: TLS: Required feature(s) not computable: ['transit_shape_ratio'] (49148s elapsed, ~98296s remaining)
  [51/150] KIC_11403389: TLS: Required feature(s) not computable: ['depth_mean_odd', 'odd_even_mismatch', 'depth_consistency_std', 'transit_shape_ratio'] (50902s elapsed, ~98810s remaining)
  [52/150] KIC_7419318: TLS: Required feature(s) not computable: ['transit_shape_ratio'] (51121s elapsed, ~96344s remaining)
  [53/150] KIC_9782691: TLS: Required feature(s) not computable: ['transit_shape_ratio'] (51590s elapsed, ~94420s remaining)
  [54/150] KIC_5966322: TLS: Required feature(s) not computable: ['transit_shape_ratio'] (51947s elapsed, ~92350s remaining)
  [55/150] KIC_7457296: Success (52392s elapsed, ~90495s remaining)
  [56/150] KIC_7434875: Success (53187s elapsed, ~89277s remaining)
  [57/150] KIC_2721030: Success (53375s elapsed, ~87085s remaining)
  [58/150] KIC_3937814: TLS: Required feature(s) not computable: ['transit_shape_ratio'] (53859s elapsed, ~85431s remaining)
  [59/150] KIC_9896558: Success (54524s elapsed, ~84096s remaining)
  [60/150] KIC_3657758: TLS: Required feature(s) not computable: ['transit_shape_ratio'] (54752s elapsed, ~82127s remaining)
  [61/150] KIC_11622600: Success (55195s elapsed, ~80530s remaining)
  [62/150] KIC_11572193: TLS: Required feature(s) not computable: ['transit_shape_ratio'] (56041s elapsed, ~79542s remaining)
  [63/150] KIC_7703882: Success (56218s elapsed, ~77634s remaining)
  [64/150] KIC_5978361: Success (57785s elapsed, ~77649s remaining)
  [65/150] KIC_8625925: TLS: Required feature(s) not computable: ['transit_shape_ratio'] (58313s elapsed, ~76256s remaining)
  [66/150] KIC_8008067: TLS: Required feature(s) not computable: ['transit_shape_ratio'] (58345s elapsed, ~74258s remaining)
